
> policywatcher@4.0.0-beta.5 lint:web
> eslint .


/Users/fabriziodegni/PolicyWatcher-release-20261001/src/components/CommandPalette.tsx
  246:11  warning  Do not use `window.location.href` to navigate to internal Next.js pages. Use `redirect()` in the render phase, or `useRouter().push()` in Client Components' event handlers instead. See: https://nextjs.org/docs/messages/no-location-assign-relative-destination  @next/next/no-location-assign-relative-destination
  268:11  warning  Do not use `window.location.href` to navigate to internal Next.js pages. Use `redirect()` in the render phase, or `useRouter().push()` in Client Components' event handlers instead. See: https://nextjs.org/docs/messages/no-location-assign-relative-destination  @next/next/no-location-assign-relative-destination
  279:11  warning  Do not use `window.location.href` to navigate to internal Next.js pages. Use `redirect()` in the render phase, or `useRouter().push()` in Client Components' event handlers instead. See: https://nextjs.org/docs/messages/no-location-assign-relative-destination  @next/next/no-location-assign-relative-destination
  290:11  warning  Do not use `window.location.href` to navigate to internal Next.js pages. Use `redirect()` in the render phase, or `useRouter().push()` in Client Components' event handlers instead. See: https://nextjs.org/docs/messages/no-location-assign-relative-destination  @next/next/no-location-assign-relative-destination
  301:11  warning  Do not use `window.location.href` to navigate to internal Next.js pages. Use `redirect()` in the render phase, or `useRouter().push()` in Client Components' event handlers instead. See: https://nextjs.org/docs/messages/no-location-assign-relative-destination  @next/next/no-location-assign-relative-destination
  312:11  warning  Do not use `window.location.href` to navigate to internal Next.js pages. Use `redirect()` in the render phase, or `useRouter().push()` in Client Components' event handlers instead. See: https://nextjs.org/docs/messages/no-location-assign-relative-destination  @next/next/no-location-assign-relative-destination
  323:11  warning  Do not use `window.location.href` to navigate to internal Next.js pages. Use `redirect()` in the render phase, or `useRouter().push()` in Client Components' event handlers instead. See: https://nextjs.org/docs/messages/no-location-assign-relative-destination  @next/next/no-location-assign-relative-destination
  334:11  warning  Do not use `window.location.href` to navigate to internal Next.js pages. Use `redirect()` in the render phase, or `useRouter().push()` in Client Components' event handlers instead. See: https://nextjs.org/docs/messages/no-location-assign-relative-destination  @next/next/no-location-assign-relative-destination
  345:11  warning  Do not use `window.location.href` to navigate to internal Next.js pages. Use `redirect()` in the render phase, or `useRouter().push()` in Client Components' event handlers instead. See: https://nextjs.org/docs/messages/no-location-assign-relative-destination  @next/next/no-location-assign-relative-destination
  356:11  warning  Do not use `window.location.href` to navigate to internal Next.js pages. Use `redirect()` in the render phase, or `useRouter().push()` in Client Components' event handlers instead. See: https://nextjs.org/docs/messages/no-location-assign-relative-destination  @next/next/no-location-assign-relative-destination
  367:11  warning  Do not use `window.location.href` to navigate to internal Next.js pages. Use `redirect()` in the render phase, or `useRouter().push()` in Client Components' event handlers instead. See: https://nextjs.org/docs/messages/no-location-assign-relative-destination  @next/next/no-location-assign-relative-destination
  378:11  warning  Do not use `window.location.href` to navigate to internal Next.js pages. Use `redirect()` in the render phase, or `useRouter().push()` in Client Components' event handlers instead. See: https://nextjs.org/docs/messages/no-location-assign-relative-destination  @next/next/no-location-assign-relative-destination
  389:11  warning  Do not use `window.location.href` to navigate to internal Next.js pages. Use `redirect()` in the render phase, or `useRouter().push()` in Client Components' event handlers instead. See: https://nextjs.org/docs/messages/no-location-assign-relative-destination  @next/next/no-location-assign-relative-destination
  400:11  warning  Do not use `window.location.href` to navigate to internal Next.js pages. Use `redirect()` in the render phase, or `useRouter().push()` in Client Components' event handlers instead. See: https://nextjs.org/docs/messages/no-location-assign-relative-destination  @next/next/no-location-assign-relative-destination

/Users/fabriziodegni/PolicyWatcher-release-20261001/src/components/GlobalContextControl.tsx
  194:7  warning  Do not use `window.location.assign()` to navigate to internal Next.js pages. Use `redirect()` in the render phase, or `useRouter().push()` in Client Components' event handlers instead. See: https://nextjs.org/docs/messages/no-location-assign-relative-destination  @next/next/no-location-assign-relative-destination

✖ 15 problems (0 errors, 15 warnings)

